// Jest Snapshot v1, https://goo.gl/fbAQLP

exports[`[Component]: NotFoundComponent component should be created 1`] = `NotFoundComponent {}`;
