// Jest Snapshot v1, https://goo.gl/fbAQLP

exports[`[Component]: SpinnerComponent component should be created 1`] = `SpinnerComponent {}`;
