// Jest Snapshot v1, https://goo.gl/fbAQLP

exports[`About component should create 1`] = `AboutComponent {}`;
